// Jest Snapshot v1, https://goo.gl/fbAQLP

exports[`<ExchangeRates /> renders only button 1`] = `
<button>
  Load exchange rates
</button>
`;
